// Jest Snapshot v1, https://goo.gl/fbAQLP

exports[`ts interface parse base 1`] = `"{\\"description\\":\\"复选框，表单组件。\\",\\"apis\\":[{\\"description\\":\\"checkbox 携带的 value 值, 在原生 form 表单提交的时候有用；在 CheckboxGroup 时亦有用\\",\\"default\\":\\"\\",\\"name\\":\\"value\\",\\"types\\":\\"string\\"},{\\"description\\":\\"checkbox 是否选中\\",\\"default\\":\\"\\",\\"name\\":\\"checked\\",\\"types\\":\\"boolean\\"},{\\"description\\":\\"表单元素 id\\",\\"default\\":\\"\\",\\"name\\":\\"id\\",\\"types\\":\\"string\\"},{\\"description\\":\\"表单元素 name\\",\\"default\\":\\"\\",\\"name\\":\\"name\\",\\"types\\":\\"string\\"},{\\"description\\":\\"是否禁用\\",\\"default\\":\\"false\\",\\"name\\":\\"disabled\\",\\"types\\":\\"boolean\\"},{\\"description\\":\\"表单触发变更回调\\",\\"default\\":\\"\\",\\"name\\":\\"onChange\\",\\"types\\":\\"(v: boolean) => void\\"},{\\"description\\":\\"类名\\",\\"default\\":\\"\\",\\"name\\":\\"className\\",\\"types\\":\\"string\\"}]}"`;
